[0m.hidden[0m 
[34;42mdir-ow[0m/
[37;44mdir-st[0m/
[30;42mdir-tw[0m/
[01;34mdir[0m/
[01;32mexec[0m*
[0mfile[0m 
[0mfile.1[0m 
[0mfile.12[0m 
[0mfile.123[0m 
[0mfile.1234[0m 
[01;34mldir-ow[0m>
[01;34mldir-st[0m>
[01;34mldir-tw[0m>
[01;34mldir[0m>
[01;36mlexec[0m@
[01;36mlfile.1234[0m@
[01;36mlfile[0m@
[mlink1[0m 
[mlink2[0m 
[01;34mlldir-ow[0m>
[01;34mlldir-st[0m>
[01;34mlldir-tw[0m>
[01;34mlldir[0m>
[01;36mllexec[0m@
[01;36mllfile.1234[0m@
[01;36mllfile[0m@
[mllorphan[0m&
[01;36mllpipe[0m@
[mlorphan[0m&
[01;36mlpipe[0m@
[33mpipe[0m|
