[0m.hidden[0m 
[01;33;48;21mdir-ow[0m/
[37;44mdir-st[0m/
[01;32;48;21mdir-tw[0m/
[31;48mdir[0m/
[35;48mexec[0m*
[0mfile[0m 
[0mfile.1[0m 
[0mfile.12[0m 
[0mfile.123[0m 
[0mfile.1234[0m 
[31;48mldir-ow[0m>
[31;48mldir-st[0m>
[31;48mldir-tw[0m>
[31;48mldir[0m>
[32;48mlexec[0m@
[32;48mlfile.1234[0m@
[32;48mlfile[0m@
[mlink1[0m 
[mlink2[0m 
[31;48mlldir-ow[0m>
[31;48mlldir-st[0m>
[31;48mlldir-tw[0m>
[31;48mlldir[0m>
[32;48mllexec[0m@
[32;48mllfile.1234[0m@
[32;48mllfile[0m@
[mllorphan[0m&
[32;48mllpipe[0m@
[mlorphan[0m&
[32;48mlpipe[0m@
[34;48mpipe[0m|
