.hidden 
dir-ow/
dir-st/
dir-tw/
dir/
exec*
file 
file.1 
file.12 
file.123 
file.1234 
ldir-ow@
ldir-st@
ldir-tw@
ldir@
lexec@
lfile.1234@
lfile@
link1 
link2 
lldir-ow@
lldir-st@
lldir-tw@
lldir@
llexec@
llfile.1234@
llfile@
llorphan@
llpipe@
lorphan@
lpipe@
pipe|
