[0m.hidden[0m 
[34;42mdir-ow[0m/
[37;44mdir-st[0m/
[30;42mdir-tw[0m/
[31;43mdir[0m/
[01;32mexec[0m*
[0mfile[0m 
[0mfile.1[0m 
[0mfile.12[0m 
[0mfile.123[0m 
[0mfile.1234[0m 
[31;43mldir-ow[0m>
[31;43mldir-st[0m>
[31;43mldir-tw[0m>
[31;43mldir[0m>
[01;33;41;21mlexec[0m@
[01;33;41;21mlfile.1234[0m@
[01;33;41;21mlfile[0m@
[mlink1[0m 
[mlink2[0m 
[31;43mlldir-ow[0m>
[31;43mlldir-st[0m>
[31;43mlldir-tw[0m>
[31;43mlldir[0m>
[01;33;41;21mllexec[0m@
[01;33;41;21mllfile.1234[0m@
[01;33;41;21mllfile[0m@
[mllorphan[0m&
[01;33;41;21mllpipe[0m@
[mlorphan[0m&
[01;33;41;21mlpipe[0m@
[33mpipe[0m|
